test canvas_size_scaling ... AUDIT startup mem engine started, no document: tiles hot 0 MiB, warm 0 MiB, scratch 0 MiB, gpu reserved 0 MiB | process WS 91 MiB, private 274 MiB, peak WS 146 MiB, I/O read 0 MiB write 0 MiB
AUDIT [12288² 16-bit] new document: 50.6 ms
AUDIT [12288² 16-bit] first view (view settled): 87.4 ms
AUDIT [12288² 16-bit] mem new white document (sparse: solid tiles): tiles hot 2 MiB, warm 0 MiB, scratch 0 MiB, gpu reserved 6656 MiB | process WS 103 MiB, private 6978 MiB, peak WS 146 MiB, I/O read 0 MiB write 0 MiB
AUDIT [12288² 16-bit] full-canvas gradient (job): 918.5 ms
AUDIT [12288² 16-bit] full-canvas Add Noise 25 % (job): 2269.4 ms
AUDIT [12288² 16-bit] after noise (view settled): 3437.5 ms
AUDIT [12288² 16-bit] mem one full noise layer: tiles hot 921 MiB, warm 1262 MiB, scratch 0 MiB, gpu reserved 6656 MiB | process WS 2315 MiB, private 9198 MiB, peak WS 2941 MiB, I/O read 0 MiB write 0 MiB
AUDIT [12288² 16-bit] zoom fit → 100 % (view settled): 14.4 ms
AUDIT [12288² 16-bit] pan at 100 %: wheel → frame (n=30): p50 0.6 ms, p95 4.3, p99 5.0, max 5.0
AUDIT [12288² 16-bit] pan at 100 %: frame intervals (n=32): p50 22.9 ms, p95 28.3, p99 31.4, max 31.4
AUDIT [12288² 16-bit] zoom 100 % → 3 % (view settled): 7.2 ms
AUDIT [12288² 16-bit] zoom 3 % → 100 % (view settled): 2.5 ms
AUDIT [12288² 16-bit] brush stroke 60 moves: pointer → frame (n=12): p50 1.6 ms, p95 2.6, p99 3.8, max 3.8
AUDIT [12288² 16-bit] brush stroke: pointer up → history: 1.6 ms
AUDIT [12288² 16-bit] select 50 % rect + fill + deselect: 682.7 ms
AUDIT [12288² 16-bit] free transform rotate+scale of the noise layer: 4444.5 ms
AUDIT [12288² 16-bit]   a zoom sent during it answered after: 4444.5 ms
AUDIT [12288² 16-bit] duplicate layer: 1.1 ms
AUDIT [12288² 16-bit] hide a full layer (view settled): 59.5 ms
AUDIT [12288² 16-bit] Gaussian Blur 4 px on a full layer (job): 2238.4 ms
AUDIT [12288² 16-bit] mem right after the blur: tiles hot 1429 MiB, warm 3045 MiB, scratch 47 MiB, gpu reserved 6656 MiB | process WS 4880 MiB, private 11790 MiB, peak WS 4880 MiB, I/O read 0 MiB write 101 MiB
AUDIT [12288² 16-bit] mem after the edits (history holds the old tiles): tiles hot 1429 MiB, warm 2948 MiB, scratch 143 MiB, gpu reserved 6656 MiB | process WS 4804 MiB, private 11714 MiB, peak WS 4880 MiB, I/O read 0 MiB write 306 MiB
AUDIT [12288² 16-bit] undo (n=3): p50 1.5 ms, p95 1.6, p99 1.6, max 1.6
AUDIT [12288² 16-bit] redo (n=3): p50 1.5 ms, p95 1.6, p99 1.6, max 1.6
AUDIT [12288² 16-bit] Save As .fxd (1678 MiB): 4580.9 ms
AUDIT [12288² 16-bit] mem after saving: tiles hot 947 MiB, warm 738 MiB, scratch 814 MiB, gpu reserved 6656 MiB | process WS 1884 MiB, private 8778 MiB, peak WS 5067 MiB, I/O read 1 MiB write 2493 MiB
AUDIT [12288² 16-bit] pan during an incremental save: wheel → frame (n=10): p50 1.1 ms, p95 1.6, p99 1.6, max 1.6
AUDIT [12288² 16-bit] mem after closing: tiles hot 0 MiB, warm 0 MiB, scratch 0 MiB, gpu reserved 6656 MiB | process WS 190 MiB, private 7077 MiB, peak WS 5067 MiB, I/O read 162 MiB write 2493 MiB
AUDIT [12288² 16-bit] reopen: 16.2 ms
AUDIT [12288² 16-bit] reopen: first view (view settled): 616.9 ms
AUDIT [12288² 16-bit] mem reopened (lazy): tiles hot 965 MiB, warm 0 MiB, scratch 0 MiB, gpu reserved 6656 MiB | process WS 1252 MiB, private 8146 MiB, peak WS 5067 MiB, I/O read 1241 MiB write 2493 MiB
AUDIT [12288² 16-bit] edit after reopen: 1.5 ms
AUDIT [12288² 16-bit] incremental save after a property edit (1695 MiB file): 53.3 ms
AUDIT [12288² 16-bit] mem closed again: tiles hot 0 MiB, warm 0 MiB, scratch 0 MiB, gpu reserved 6656 MiB | process WS 189 MiB, private 7074 MiB, peak WS 5067 MiB, I/O read 1242 MiB write 2510 MiB
test result: ok. 1 passed; 0 failed; 0 ignored; 0 measured; 3 filtered out; finished in 32.37s
